// Jest Snapshot v1, https://goo.gl/fbAQLP

exports[`Teste CardProduct component should present product when params passed corretly 1`] = `
<View
  accessible={true}
  focusable={true}
  onClick={[Function]}
  onResponderGrant={[Function]}
  onResponderMove={[Function]}
  onResponderRelease={[Function]}
  onResponderTerminate={[Function]}
  onResponderTerminationRequest={[Function]}
  onStartShouldSetResponder={[Function]}
  style={
    Object {
      "flexBasis": 0,
      "flexGrow": 1,
      "flexShrink": 1,
      "marginBottom": 16,
      "marginLeft": 8,
      "marginRight": 8,
      "marginTop": 16,
      "opacity": 1,
    }
  }
>
  <View
    style={
      Array [
        Object {
          "borderRadius": 10,
          "overflow": "hidden",
        },
      ]
    }
  >
    <Image
      source={
        Object {
          "uri": "https://static.netshoes.com.br/produtos/tenis-nike-revolution-5-masculino/36/HZM-1731-036/HZM-1731-036_zoom1.jpg?ts=1569489111?ims=544x",
        }
      }
      style={
        Object {
          "aspectRatio": 1,
        }
      }
    />
  </View>
  <View
    style={
      Array [
        Object {
          "flexBasis": 0,
          "flexGrow": 1,
          "flexShrink": 1,
          "marginBottom": 8,
          "marginLeft": 8,
          "marginRight": 8,
          "marginTop": 8,
          "textAlign": "center",
        },
      ]
    }
  >
    <View
      style={
        Array [
          Object {
            "flexBasis": 0,
            "flexDirection": "row",
            "flexGrow": 1,
            "flexShrink": 1,
          },
        ]
      }
    >
      <Text
        allowFontScaling={false}
        style={
          Array [
            Object {
              "color": "#ff8c00",
              "fontSize": 22,
            },
            undefined,
            Object {
              "fontFamily": "Material Design Icons",
              "fontStyle": "normal",
              "fontWeight": "normal",
            },
            Object {},
          ]
        }
      >
        󰓎
      </Text>
      <Text
        allowFontScaling={false}
        style={
          Array [
            Object {
              "color": "#ff8c00",
              "fontSize": 22,
            },
            undefined,
            Object {
              "fontFamily": "Material Design Icons",
              "fontStyle": "normal",
              "fontWeight": "normal",
            },
            Object {},
          ]
        }
      >
        󰓎
      </Text>
      <Text
        allowFontScaling={false}
        style={
          Array [
            Object {
              "color": "#ff8c00",
              "fontSize": 22,
            },
            undefined,
            Object {
              "fontFamily": "Material Design Icons",
              "fontStyle": "normal",
              "fontWeight": "normal",
            },
            Object {},
          ]
        }
      >
        󰓎
      </Text>
      <Text
        allowFontScaling={false}
        style={
          Array [
            Object {
              "color": "#ff8c00",
              "fontSize": 22,
            },
            undefined,
            Object {
              "fontFamily": "Material Design Icons",
              "fontStyle": "normal",
              "fontWeight": "normal",
            },
            Object {},
          ]
        }
      >
        󰓎
      </Text>
      <Text
        allowFontScaling={false}
        style={
          Array [
            Object {
              "color": "#cdcdcd",
              "fontSize": 22,
            },
            undefined,
            Object {
              "fontFamily": "Material Design Icons",
              "fontStyle": "normal",
              "fontWeight": "normal",
            },
            Object {},
          ]
        }
      >
        󰓎
      </Text>
    </View>
    <Text
      style={
        Array [
          Object {
            "fontFamily": "Montserrat-Bold",
            "fontSize": 18,
          },
        ]
      }
    >
      Tenis Nike
    </Text>
    <Text
      style={
        Array [
          Object {
            "color": "#999",
            "fontFamily": "Montserrat-Bold",
            "fontSize": 22,
          },
        ]
      }
    >
      R$ 
      150.50
    </Text>
  </View>
</View>
`;
